Bay 1:True
Bay 3:True
Bur 1:True
Bur 2:True
Bur 3:True
Col 2:True
Cvi 1:True
Fei 1:True
Fei 2:True
Fei 3:True
Hs 1:True
Hs 3:True
Kondara 1:True
Kondara 2:True
Kondara 3:True
Lip 1:True
Lip 2:True
Lip 3:True
Mt 2:True
Mt 3:True
Nd 2:True
Nd 3:True
No 1:True
No 2:True
P2-23 2:True
P2-23 3:True
Pla 1:True
Pro 1:True
Pro 2:True
Sav 1:True
Sav 2:True
Sav 3:True
Sha 1:True
St 1:True
St 2:True
St 3:True
Ting 1:True
Ting 2:True
Ting 3:True
Ts 2:True
Ts 3:True
Uk 1:True
Uk 2:True
Uk 3:True
Ws 1:True
Ws 2:True
Ws 3:True